Archive member included to satisfy reference by file (symbol)

c:/program files (x86)/atmel/studio/7.0/toolchain/avr8/avr8-gnu-toolchain/bin/../lib/gcc/avr/4.9.2/avr25/tiny-stack\libgcc.a(_exit.o)
                              C:/Program Files (x86)/Atmel/Studio/7.0/Packs/atmel/ATtiny_DFP/1.0.71/gcc/dev/attiny2313/avr25/tiny-stack/crtattiny2313.o (exit)
c:/program files (x86)/atmel/studio/7.0/toolchain/avr8/avr8-gnu-toolchain/bin/../lib/gcc/avr/4.9.2/avr25/tiny-stack\libgcc.a(_clear_bss.o)
                              APP/main.o (__do_clear_bss)

Discarded input sections

 .data          0x00000000        0x0 C:/Program Files (x86)/Atmel/Studio/7.0/Packs/atmel/ATtiny_DFP/1.0.71/gcc/dev/attiny2313/avr25/tiny-stack/crtattiny2313.o
 .bss           0x00000000        0x0 C:/Program Files (x86)/Atmel/Studio/7.0/Packs/atmel/ATtiny_DFP/1.0.71/gcc/dev/attiny2313/avr25/tiny-stack/crtattiny2313.o
 .text          0x00000000        0x0 APP/main.o
 .data          0x00000000        0x0 APP/main.o
 .bss           0x00000000        0x0 APP/main.o
 .text          0x00000000        0x0 C Files/delay.o
 .data          0x00000000        0x0 C Files/delay.o
 .bss           0x00000000        0x0 C Files/delay.o
 .text.dlyus    0x00000000       0x12 C Files/delay.o
 .text          0x00000000        0x0 C Files/fan.o
 .data          0x00000000        0x0 C Files/fan.o
 .bss           0x00000000        0x0 C Files/fan.o
 .text          0x00000000        0x0 C Files/led.o
 .data          0x00000000        0x0 C Files/led.o
 .bss           0x00000000        0x0 C Files/led.o
 .text          0x00000000        0x0 C Files/light.o
 .data          0x00000000        0x0 C Files/light.o
 .bss           0x00000000        0x0 C Files/light.o
 .text          0x00000000        0x0 C Files/rf.o
 .data          0x00000000        0x0 C Files/rf.o
 .bss           0x00000000        0x0 C Files/rf.o
 .text.RFRx     0x00000000       0x12 C Files/rf.o
 .text          0x00000000        0x0 c:/program files (x86)/atmel/studio/7.0/toolchain/avr8/avr8-gnu-toolchain/bin/../lib/gcc/avr/4.9.2/avr25/tiny-stack\libgcc.a(_exit.o)
 .data          0x00000000        0x0 c:/program files (x86)/atmel/studio/7.0/toolchain/avr8/avr8-gnu-toolchain/bin/../lib/gcc/avr/4.9.2/avr25/tiny-stack\libgcc.a(_exit.o)
 .bss           0x00000000        0x0 c:/program files (x86)/atmel/studio/7.0/toolchain/avr8/avr8-gnu-toolchain/bin/../lib/gcc/avr/4.9.2/avr25/tiny-stack\libgcc.a(_exit.o)
 .text.libgcc.mul
                0x00000000        0x0 c:/program files (x86)/atmel/studio/7.0/toolchain/avr8/avr8-gnu-toolchain/bin/../lib/gcc/avr/4.9.2/avr25/tiny-stack\libgcc.a(_exit.o)
 .text.libgcc.div
                0x00000000        0x0 c:/program files (x86)/atmel/studio/7.0/toolchain/avr8/avr8-gnu-toolchain/bin/../lib/gcc/avr/4.9.2/avr25/tiny-stack\libgcc.a(_exit.o)
 .text.libgcc   0x00000000        0x0 c:/program files (x86)/atmel/studio/7.0/toolchain/avr8/avr8-gnu-toolchain/bin/../lib/gcc/avr/4.9.2/avr25/tiny-stack\libgcc.a(_exit.o)
 .text.libgcc.prologue
                0x00000000        0x0 c:/program files (x86)/atmel/studio/7.0/toolchain/avr8/avr8-gnu-toolchain/bin/../lib/gcc/avr/4.9.2/avr25/tiny-stack\libgcc.a(_exit.o)
 .text.libgcc.builtins
                0x00000000        0x0 c:/program files (x86)/atmel/studio/7.0/toolchain/avr8/avr8-gnu-toolchain/bin/../lib/gcc/avr/4.9.2/avr25/tiny-stack\libgcc.a(_exit.o)
 .text.libgcc.fmul
                0x00000000        0x0 c:/program files (x86)/atmel/studio/7.0/toolchain/avr8/avr8-gnu-toolchain/bin/../lib/gcc/avr/4.9.2/avr25/tiny-stack\libgcc.a(_exit.o)
 .text.libgcc.fixed
                0x00000000        0x0 c:/program files (x86)/atmel/studio/7.0/toolchain/avr8/avr8-gnu-toolchain/bin/../lib/gcc/avr/4.9.2/avr25/tiny-stack\libgcc.a(_exit.o)
 .text          0x00000000        0x0 c:/program files (x86)/atmel/studio/7.0/toolchain/avr8/avr8-gnu-toolchain/bin/../lib/gcc/avr/4.9.2/avr25/tiny-stack\libgcc.a(_clear_bss.o)
 .data          0x00000000        0x0 c:/program files (x86)/atmel/studio/7.0/toolchain/avr8/avr8-gnu-toolchain/bin/../lib/gcc/avr/4.9.2/avr25/tiny-stack\libgcc.a(_clear_bss.o)
 .bss           0x00000000        0x0 c:/program files (x86)/atmel/studio/7.0/toolchain/avr8/avr8-gnu-toolchain/bin/../lib/gcc/avr/4.9.2/avr25/tiny-stack\libgcc.a(_clear_bss.o)
 .text.libgcc.mul
                0x00000000        0x0 c:/program files (x86)/atmel/studio/7.0/toolchain/avr8/avr8-gnu-toolchain/bin/../lib/gcc/avr/4.9.2/avr25/tiny-stack\libgcc.a(_clear_bss.o)
 .text.libgcc.div
                0x00000000        0x0 c:/program files (x86)/atmel/studio/7.0/toolchain/avr8/avr8-gnu-toolchain/bin/../lib/gcc/avr/4.9.2/avr25/tiny-stack\libgcc.a(_clear_bss.o)
 .text.libgcc   0x00000000        0x0 c:/program files (x86)/atmel/studio/7.0/toolchain/avr8/avr8-gnu-toolchain/bin/../lib/gcc/avr/4.9.2/avr25/tiny-stack\libgcc.a(_clear_bss.o)
 .text.libgcc.prologue
                0x00000000        0x0 c:/program files (x86)/atmel/studio/7.0/toolchain/avr8/avr8-gnu-toolchain/bin/../lib/gcc/avr/4.9.2/avr25/tiny-stack\libgcc.a(_clear_bss.o)
 .text.libgcc.builtins
                0x00000000        0x0 c:/program files (x86)/atmel/studio/7.0/toolchain/avr8/avr8-gnu-toolchain/bin/../lib/gcc/avr/4.9.2/avr25/tiny-stack\libgcc.a(_clear_bss.o)
 .text.libgcc.fmul
                0x00000000        0x0 c:/program files (x86)/atmel/studio/7.0/toolchain/avr8/avr8-gnu-toolchain/bin/../lib/gcc/avr/4.9.2/avr25/tiny-stack\libgcc.a(_clear_bss.o)
 .text.libgcc.fixed
                0x00000000        0x0 c:/program files (x86)/atmel/studio/7.0/toolchain/avr8/avr8-gnu-toolchain/bin/../lib/gcc/avr/4.9.2/avr25/tiny-stack\libgcc.a(_clear_bss.o)

Memory Configuration

Name             Origin             Length             Attributes
text             0x00000000         0x00002000         xr
data             0x00800060         0x0000ffa0         rw !x
eeprom           0x00810000         0x00010000         rw !x
fuse             0x00820000         0x00000400         rw !x
lock             0x00830000         0x00000400         rw !x
signature        0x00840000         0x00000400         rw !x
user_signatures  0x00850000         0x00000400         rw !x
*default*        0x00000000         0xffffffff

Linker script and memory map

LOAD C:/Program Files (x86)/Atmel/Studio/7.0/Packs/atmel/ATtiny_DFP/1.0.71/gcc/dev/attiny2313/avr25/tiny-stack/crtattiny2313.o
LOAD APP/main.o
LOAD C Files/delay.o
LOAD C Files/fan.o
LOAD C Files/led.o
LOAD C Files/light.o
LOAD C Files/rf.o
START GROUP
LOAD c:/program files (x86)/atmel/studio/7.0/toolchain/avr8/avr8-gnu-toolchain/bin/../lib/gcc/avr/4.9.2/../../../../avr/lib/avr25/tiny-stack\libm.a
END GROUP
START GROUP
LOAD c:/program files (x86)/atmel/studio/7.0/toolchain/avr8/avr8-gnu-toolchain/bin/../lib/gcc/avr/4.9.2/avr25/tiny-stack\libgcc.a
LOAD c:/program files (x86)/atmel/studio/7.0/toolchain/avr8/avr8-gnu-toolchain/bin/../lib/gcc/avr/4.9.2/../../../../avr/lib/avr25/tiny-stack\libm.a
LOAD c:/program files (x86)/atmel/studio/7.0/toolchain/avr8/avr8-gnu-toolchain/bin/../lib/gcc/avr/4.9.2/../../../../avr/lib/avr25/tiny-stack\libc.a
LOAD C:/Program Files (x86)/Atmel/Studio/7.0/Packs/atmel/ATtiny_DFP/1.0.71/gcc/dev/attiny2313/avr25/tiny-stack\libattiny2313.a
END GROUP

.hash
 *(.hash)

.dynsym
 *(.dynsym)

.dynstr
 *(.dynstr)

.gnu.version
 *(.gnu.version)

.gnu.version_d
 *(.gnu.version_d)

.gnu.version_r
 *(.gnu.version_r)

.rel.init
 *(.rel.init)

.rela.init
 *(.rela.init)

.rel.text
 *(.rel.text)
 *(.rel.text.*)
 *(.rel.gnu.linkonce.t*)

.rela.text
 *(.rela.text)
 *(.rela.text.*)
 *(.rela.gnu.linkonce.t*)

.rel.fini
 *(.rel.fini)

.rela.fini
 *(.rela.fini)

.rel.rodata
 *(.rel.rodata)
 *(.rel.rodata.*)
 *(.rel.gnu.linkonce.r*)

.rela.rodata
 *(.rela.rodata)
 *(.rela.rodata.*)
 *(.rela.gnu.linkonce.r*)

.rel.data
 *(.rel.data)
 *(.rel.data.*)
 *(.rel.gnu.linkonce.d*)

.rela.data
 *(.rela.data)
 *(.rela.data.*)
 *(.rela.gnu.linkonce.d*)

.rel.ctors
 *(.rel.ctors)

.rela.ctors
 *(.rela.ctors)

.rel.dtors
 *(.rel.dtors)

.rela.dtors
 *(.rela.dtors)

.rel.got
 *(.rel.got)

.rela.got
 *(.rela.got)

.rel.bss
 *(.rel.bss)

.rela.bss
 *(.rela.bss)

.rel.plt
 *(.rel.plt)

.rela.plt
 *(.rela.plt)

.text           0x00000000      0x1c4
 *(.vectors)
 .vectors       0x00000000       0x26 C:/Program Files (x86)/Atmel/Studio/7.0/Packs/atmel/ATtiny_DFP/1.0.71/gcc/dev/attiny2313/avr25/tiny-stack/crtattiny2313.o
                0x00000000                __vector_default
                0x00000000                __vectors
 *(.vectors)
 *(.progmem.gcc*)
                0x00000026                . = ALIGN (0x2)
                0x00000026                __trampolines_start = .
 *(.trampolines)
 .trampolines   0x00000026        0x0 linker stubs
 *(.trampolines*)
                0x00000026                __trampolines_end = .
 *(.progmem*)
                0x00000026                . = ALIGN (0x2)
 *(.jumptables)
 *(.jumptables*)
 *(.lowtext)
 *(.lowtext*)
                0x00000026                __ctors_start = .
 *(.ctors)
                0x00000026                __ctors_end = .
                0x00000026                __dtors_start = .
 *(.dtors)
                0x00000026                __dtors_end = .
 SORT(*)(.ctors)
 SORT(*)(.dtors)
 *(.init0)
 .init0         0x00000026        0x0 C:/Program Files (x86)/Atmel/Studio/7.0/Packs/atmel/ATtiny_DFP/1.0.71/gcc/dev/attiny2313/avr25/tiny-stack/crtattiny2313.o
                0x00000026                __init
 *(.init0)
 *(.init1)
 *(.init1)
 *(.init2)
 .init2         0x00000026        0x8 C:/Program Files (x86)/Atmel/Studio/7.0/Packs/atmel/ATtiny_DFP/1.0.71/gcc/dev/attiny2313/avr25/tiny-stack/crtattiny2313.o
 *(.init2)
 *(.init3)
 *(.init3)
 *(.init4)
 .init4         0x0000002e       0x10 c:/program files (x86)/atmel/studio/7.0/toolchain/avr8/avr8-gnu-toolchain/bin/../lib/gcc/avr/4.9.2/avr25/tiny-stack\libgcc.a(_clear_bss.o)
                0x0000002e                __do_clear_bss
 *(.init4)
 *(.init5)
 *(.init5)
 *(.init6)
 *(.init6)
 *(.init7)
 *(.init7)
 *(.init8)
 *(.init8)
 *(.init9)
 .init9         0x0000003e        0x4 C:/Program Files (x86)/Atmel/Studio/7.0/Packs/atmel/ATtiny_DFP/1.0.71/gcc/dev/attiny2313/avr25/tiny-stack/crtattiny2313.o
 *(.init9)
 *(.text)
 .text          0x00000042        0x2 C:/Program Files (x86)/Atmel/Studio/7.0/Packs/atmel/ATtiny_DFP/1.0.71/gcc/dev/attiny2313/avr25/tiny-stack/crtattiny2313.o
                0x00000042                __vector_12
                0x00000042                __bad_interrupt
                0x00000042                __vector_3
                0x00000042                __vector_11
                0x00000042                __vector_13
                0x00000042                __vector_17
                0x00000042                __vector_7
                0x00000042                __vector_5
                0x00000042                __vector_4
                0x00000042                __vector_9
                0x00000042                __vector_2
                0x00000042                __vector_15
                0x00000042                __vector_8
                0x00000042                __vector_14
                0x00000042                __vector_10
                0x00000042                __vector_16
                0x00000042                __vector_18
                0x00000044                . = ALIGN (0x2)
 *(.text.*)
 .text.main     0x00000044       0x3c APP/main.o
                0x00000044                main
 .text.__vector_1
                0x00000080       0x84 APP/main.o
                0x00000080                __vector_1
 .text.__vector_6
                0x00000104       0x4c APP/main.o
                0x00000104                __vector_6
 .text.dlyms    0x00000150       0x16 C Files/delay.o
                0x00000150                dlyms
 .text.FanInit  0x00000166        0x6 C Files/fan.o
                0x00000166                FanInit
 .text.FanOn    0x0000016c        0x4 C Files/fan.o
                0x0000016c                FanOn
 .text.FanOff   0x00000170        0x4 C Files/fan.o
                0x00000170                FanOff
 .text.ledinit  0x00000174        0x6 C Files/led.o
                0x00000174                ledinit
 .text.blink    0x0000017a       0x2a C Files/led.o
                0x0000017a                blink
 .text.LightInit
                0x000001a4        0x6 C Files/light.o
                0x000001a4                LightInit
 .text.LightOn  0x000001aa        0x4 C Files/light.o
                0x000001aa                LightOn
 .text.LightOff
                0x000001ae        0x4 C Files/light.o
                0x000001ae                LightOff
 .text.RFRxInit
                0x000001b2        0xe C Files/rf.o
                0x000001b2                RFRxInit
                0x000001c0                . = ALIGN (0x2)
 *(.fini9)
 .fini9         0x000001c0        0x0 c:/program files (x86)/atmel/studio/7.0/toolchain/avr8/avr8-gnu-toolchain/bin/../lib/gcc/avr/4.9.2/avr25/tiny-stack\libgcc.a(_exit.o)
                0x000001c0                _exit
                0x000001c0                exit
 *(.fini9)
 *(.fini8)
 *(.fini8)
 *(.fini7)
 *(.fini7)
 *(.fini6)
 *(.fini6)
 *(.fini5)
 *(.fini5)
 *(.fini4)
 *(.fini4)
 *(.fini3)
 *(.fini3)
 *(.fini2)
 *(.fini2)
 *(.fini1)
 *(.fini1)
 *(.fini0)
 .fini0         0x000001c0        0x4 c:/program files (x86)/atmel/studio/7.0/toolchain/avr8/avr8-gnu-toolchain/bin/../lib/gcc/avr/4.9.2/avr25/tiny-stack\libgcc.a(_exit.o)
 *(.fini0)
                0x000001c4                _etext = .

.data           0x00800060        0x0 load address 0x000001c4
                0x00800060                PROVIDE (__data_start, .)
 *(.data)
 *(.data*)
 *(.rodata)
 *(.rodata*)
 *(.gnu.linkonce.d*)
                0x00800060                . = ALIGN (0x2)
                0x00800060                _edata = .
                0x00800060                PROVIDE (__data_end, .)

.bss            0x00800060        0x1
                0x00800060                PROVIDE (__bss_start, .)
 *(.bss)
 *(.bss*)
 .bss.i.2043    0x00800060        0x1 APP/main.o
 *(COMMON)
                0x00800061                PROVIDE (__bss_end, .)
                0x000001c4                __data_load_start = LOADADDR (.data)
                0x000001c4                __data_load_end = (__data_load_start + SIZEOF (.data))

.noinit         0x00800061        0x0
                0x00800061                PROVIDE (__noinit_start, .)
 *(.noinit*)
                0x00800061                PROVIDE (__noinit_end, .)
                0x00800061                _end = .
                0x00800061                PROVIDE (__heap_start, .)

.eeprom         0x00810000        0x0
 *(.eeprom*)
                0x00810000                __eeprom_end = .

.fuse
 *(.fuse)
 *(.lfuse)
 *(.hfuse)
 *(.efuse)

.lock
 *(.lock*)

.signature
 *(.signature*)

.user_signatures
 *(.user_signatures*)

.stab
 *(.stab)

.stabstr
 *(.stabstr)

.stab.excl
 *(.stab.excl)

.stab.exclstr
 *(.stab.exclstr)

.stab.index
 *(.stab.index)

.stab.indexstr
 *(.stab.indexstr)

.comment        0x00000000       0x30
 *(.comment)
 .comment       0x00000000       0x30 APP/main.o
                                 0x31 (size before relaxing)
 .comment       0x00000030       0x31 C Files/delay.o
 .comment       0x00000030       0x31 C Files/fan.o
 .comment       0x00000030       0x31 C Files/led.o
 .comment       0x00000030       0x31 C Files/light.o
 .comment       0x00000030       0x31 C Files/rf.o

.note.gnu.avr.deviceinfo
                0x00000000       0x40
 .note.gnu.avr.deviceinfo
                0x00000000       0x40 C:/Program Files (x86)/Atmel/Studio/7.0/Packs/atmel/ATtiny_DFP/1.0.71/gcc/dev/attiny2313/avr25/tiny-stack/crtattiny2313.o

.note.gnu.build-id
 *(.note.gnu.build-id)

.debug
 *(.debug)

.line
 *(.line)

.debug_srcinfo
 *(.debug_srcinfo)

.debug_sfnames
 *(.debug_sfnames)

.debug_aranges  0x00000000      0x108
 *(.debug_aranges)
 .debug_aranges
                0x00000000       0x30 APP/main.o
 .debug_aranges
                0x00000030       0x28 C Files/delay.o
 .debug_aranges
                0x00000058       0x30 C Files/fan.o
 .debug_aranges
                0x00000088       0x28 C Files/led.o
 .debug_aranges
                0x000000b0       0x30 C Files/light.o
 .debug_aranges
                0x000000e0       0x28 C Files/rf.o

.debug_pubnames
 *(.debug_pubnames)

.debug_info     0x00000000      0x6a1
 *(.debug_info .gnu.linkonce.wi.*)
 .debug_info    0x00000000      0x1f4 APP/main.o
 .debug_info    0x000001f4      0x1a7 C Files/delay.o
 .debug_info    0x0000039b       0xab C Files/fan.o
 .debug_info    0x00000446      0x10c C Files/led.o
 .debug_info    0x00000552       0xab C Files/light.o
 .debug_info    0x000005fd       0xa4 C Files/rf.o

.debug_abbrev   0x00000000      0x390
 *(.debug_abbrev)
 .debug_abbrev  0x00000000      0x107 APP/main.o
 .debug_abbrev  0x00000107       0xe0 C Files/delay.o
 .debug_abbrev  0x000001e7       0x44 C Files/fan.o
 .debug_abbrev  0x0000022b       0xb6 C Files/led.o
 .debug_abbrev  0x000002e1       0x44 C Files/light.o
 .debug_abbrev  0x00000325       0x6b C Files/rf.o

.debug_line     0x00000000      0x32c
 *(.debug_line .debug_line.* .debug_line_end)
 .debug_line    0x00000000       0xbb APP/main.o
 .debug_line    0x000000bb       0xe2 C Files/delay.o
 .debug_line    0x0000019d       0x5b C Files/fan.o
 .debug_line    0x000001f8       0x73 C Files/led.o
 .debug_line    0x0000026b       0x5d C Files/light.o
 .debug_line    0x000002c8       0x64 C Files/rf.o

.debug_frame    0x00000000      0x1d0
 *(.debug_frame)
 .debug_frame   0x00000000       0x9c APP/main.o
 .debug_frame   0x0000009c       0x34 C Files/delay.o
 .debug_frame   0x000000d0       0x44 C Files/fan.o
 .debug_frame   0x00000114       0x44 C Files/led.o
 .debug_frame   0x00000158       0x44 C Files/light.o
 .debug_frame   0x0000019c       0x34 C Files/rf.o

.debug_str      0x00000000      0x27c
 *(.debug_str)
 .debug_str     0x00000000      0x1ad APP/main.o
                                0x1ec (size before relaxing)
 .debug_str     0x000001ad       0x77 C Files/delay.o
                                0x1d6 (size before relaxing)
 .debug_str     0x00000224       0x11 C Files/fan.o
                                0x185 (size before relaxing)
 .debug_str     0x00000235       0x1f C Files/led.o
                                0x19f (size before relaxing)
 .debug_str     0x00000254       0x13 C Files/light.o
                                0x18d (size before relaxing)
 .debug_str     0x00000267       0x15 C Files/rf.o
                                0x183 (size before relaxing)

.debug_loc      0x00000000      0x2be
 *(.debug_loc)
 .debug_loc     0x00000000      0x107 APP/main.o
 .debug_loc     0x00000107      0x108 C Files/delay.o
 .debug_loc     0x0000020f       0xaf C Files/led.o

.debug_macinfo
 *(.debug_macinfo)

.debug_weaknames
 *(.debug_weaknames)

.debug_funcnames
 *(.debug_funcnames)

.debug_typenames
 *(.debug_typenames)

.debug_varnames
 *(.debug_varnames)

.debug_pubtypes
 *(.debug_pubtypes)

.debug_ranges   0x00000000       0xa8
 *(.debug_ranges)
 .debug_ranges  0x00000000       0x20 APP/main.o
 .debug_ranges  0x00000020       0x18 C Files/delay.o
 .debug_ranges  0x00000038       0x20 C Files/fan.o
 .debug_ranges  0x00000058       0x18 C Files/led.o
 .debug_ranges  0x00000070       0x20 C Files/light.o
 .debug_ranges  0x00000090       0x18 C Files/rf.o

.debug_macro
 *(.debug_macro)
OUTPUT(Receiver.elf elf32-avr)
LOAD linker stubs
